// Jest Snapshot v1, https://goo.gl/fbAQLP

exports[`RecipientsList component snapshot test 1`] = `
<div
  className="app-list"
>
  <header
    className="MuiPaper-root-9 MuiPaper-elevation4-15 MuiAppBar-root-1 MuiAppBar-positionStatic-5 MuiAppBar-colorPrimary-7"
  >
    <div
      className="MuiToolbar-root-36 MuiToolbar-gutters-37"
    >
      <button
        aria-label="Back"
        className="MuiButtonBase-root-44 MuiIconButton-root-38"
        disabled={false}
        onBlur={[Function]}
        onClick={[Function]}
        onFocus={[Function]}
        onKeyDown={[Function]}
        onKeyUp={[Function]}
        onMouseDown={[Function]}
        onMouseLeave={[Function]}
        onMouseUp={[Function]}
        onTouchEnd={[Function]}
        onTouchMove={[Function]}
        onTouchStart={[Function]}
        style={
          Object {
            "marginLeft": -14,
            "marginRight": 4,
          }
        }
        tabIndex="0"
        type="button"
      >
        <span
          className="MuiIconButton-label-43"
        >
          <svg
            aria-hidden="true"
            className="MuiSvgIcon-root-47"
            focusable="false"
            viewBox="0 0 24 24"
          >
            <g>
              <path
                d="M20 11H7.83l5.59-5.59L12 4l-8 8 8 8 1.41-1.41L7.83 13H20v-2z"
              />
            </g>
          </svg>
        </span>
        <span
          className="MuiTouchRipple-root-53"
        />
      </button>
      <h2
        className="MuiTypography-root-60 MuiTypography-title-66 MuiTypography-colorInherit-79"
      >
        list
      </h2>
    </div>
  </header>
  <div
    className="MuiInput-root-84 MuiInput-fullWidth-91 MuiInput-underline-88"
    onKeyPress={[Function]}
    style={
      Object {
        "marginTop": 16,
        "paddingLeft": 4,
      }
    }
  >
    <input
      autoFocus={true}
      className="MuiInput-input-92 MuiInput-inputType-95"
      onBlur={[Function]}
      onChange={[Function]}
      onFocus={[Function]}
      placeholder="Recipient email"
      type="email"
    />
  </div>
  <nav
    className="MuiList-root-97 MuiList-padding-98"
  />
</div>
`;
